[    1605ms] [LOG] [Fast Refresh] rebuilding @ webpack-internal:///(app-pages-browser)/./node_modules/next/dist/next-devtools/shared/forward-logs-shared.js:44
[    1790ms] [LOG] [Fast Refresh] done in 185ms @ webpack-internal:///(app-pages-browser)/./node_modules/next/dist/next-devtools/shared/forward-logs-shared.js:44
[    4795ms] [WARNING] The resource http://localhost:3000/_next/static/css/app/layout.css?v=1787115236411 was preloaded using link preload but not used within a few seconds from the window's load event. Please make sure it has an appropriate `as` value and it is preloaded intentionally. @ http://localhost:3000/cases:0
[    4795ms] [WARNING] The resource http://localhost:3000/_next/static/css/app/layout.css?v=1787115217152 was preloaded using link preload but not used within a few seconds from the window's load event. Please make sure it has an appropriate `as` value and it is preloaded intentionally. @ http://localhost:3000/cases:0
[    4796ms] [WARNING] The resource http://localhost:3000/_next/static/css/app/layout.css?v=1787115227376 was preloaded using link preload but not used within a few seconds from the window's load event. Please make sure it has an appropriate `as` value and it is preloaded intentionally. @ http://localhost:3000/cases:0
[    4796ms] [WARNING] The resource http://localhost:3000/_next/static/css/app/layout.css?v=1787115208337 was preloaded using link preload but not used within a few seconds from the window's load event. Please make sure it has an appropriate `as` value and it is preloaded intentionally. @ http://localhost:3000/cases:0
[    4796ms] [WARNING] The resource http://localhost:3000/_next/static/css/app/layout.css?v=1787115217784 was preloaded using link preload but not used within a few seconds from the window's load event. Please make sure it has an appropriate `as` value and it is preloaded intentionally. @ http://localhost:3000/cases:0
[    4796ms] [WARNING] The resource http://localhost:3000/_next/static/css/app/layout.css?v=1787115210666 was preloaded using link preload but not used within a few seconds from the window's load event. Please make sure it has an appropriate `as` value and it is preloaded intentionally. @ http://localhost:3000/cases:0
[    4796ms] [WARNING] The resource http://localhost:3000/_next/static/css/app/layout.css?v=1787115215356 was preloaded using link preload but not used within a few seconds from the window's load event. Please make sure it has an appropriate `as` value and it is preloaded intentionally. @ http://localhost:3000/cases:0
[    4796ms] [WARNING] The resource http://localhost:3000/_next/static/css/app/layout.css?v=1787115230137 was preloaded using link preload but not used within a few seconds from the window's load event. Please make sure it has an appropriate `as` value and it is preloaded intentionally. @ http://localhost:3000/cases:0
[    4796ms] [WARNING] The resource http://localhost:3000/_next/static/css/app/layout.css?v=1787115235395 was preloaded using link preload but not used within a few seconds from the window's load event. Please make sure it has an appropriate `as` value and it is preloaded intentionally. @ http://localhost:3000/cases:0
[    4796ms] [WARNING] The resource http://localhost:3000/_next/static/css/app/layout.css?v=1787115198864 was preloaded using link preload but not used within a few seconds from the window's load event. Please make sure it has an appropriate `as` value and it is preloaded intentionally. @ http://localhost:3000/cases:0
[    4796ms] [WARNING] The resource http://localhost:3000/_next/static/css/app/layout.css?v=1787115220436 was preloaded using link preload but not used within a few seconds from the window's load event. Please make sure it has an appropriate `as` value and it is preloaded intentionally. @ http://localhost:3000/cases:0
[    4796ms] [WARNING] The resource http://localhost:3000/_next/static/css/app/layout.css?v=1787115227958 was preloaded using link preload but not used within a few seconds from the window's load event. Please make sure it has an appropriate `as` value and it is preloaded intentionally. @ http://localhost:3000/cases:0
[    4796ms] [WARNING] The resource http://localhost:3000/_next/static/css/app/layout.css?v=1787115229575 was preloaded using link preload but not used within a few seconds from the window's load event. Please make sure it has an appropriate `as` value and it is preloaded intentionally. @ http://localhost:3000/cases:0
[    4796ms] [WARNING] The resource http://localhost:3000/_next/static/css/app/layout.css?v=1787115231729 was preloaded using link preload but not used within a few seconds from the window's load event. Please make sure it has an appropriate `as` value and it is preloaded intentionally. @ http://localhost:3000/cases:0
[    4796ms] [WARNING] The resource http://localhost:3000/_next/static/css/app/layout.css?v=1787115225596 was preloaded using link preload but not used within a few seconds from the window's load event. Please make sure it has an appropriate `as` value and it is preloaded intentionally. @ http://localhost:3000/cases:0
[    4796ms] [WARNING] The resource http://localhost:3000/_next/static/css/app/layout.css?v=1787115230713 was preloaded using link preload but not used within a few seconds from the window's load event. Please make sure it has an appropriate `as` value and it is preloaded intentionally. @ http://localhost:3000/cases:0
[    4797ms] [WARNING] The resource http://localhost:3000/_next/static/css/app/layout.css?v=1787115229049 was preloaded using link preload but not used within a few seconds from the window's load event. Please make sure it has an appropriate `as` value and it is preloaded intentionally. @ http://localhost:3000/cases:0
[    4797ms] [WARNING] The resource http://localhost:3000/_next/static/css/app/layout.css?v=1787115213911 was preloaded using link preload but not used within a few seconds from the window's load event. Please make sure it has an appropriate `as` value and it is preloaded intentionally. @ http://localhost:3000/cases:0
[    4797ms] [WARNING] The resource http://localhost:3000/_next/static/css/app/layout.css?v=1787115221591 was preloaded using link preload but not used within a few seconds from the window's load event. Please make sure it has an appropriate `as` value and it is preloaded intentionally. @ http://localhost:3000/cases:0
[    4797ms] [WARNING] The resource http://localhost:3000/_next/static/css/app/layout.css?v=1787115207747 was preloaded using link preload but not used within a few seconds from the window's load event. Please make sure it has an appropriate `as` value and it is preloaded intentionally. @ http://localhost:3000/cases:0
[    4797ms] [WARNING] The resource http://localhost:3000/_next/static/css/app/layout.css?v=1787115219556 was preloaded using link preload but not used within a few seconds from the window's load event. Please make sure it has an appropriate `as` value and it is preloaded intentionally. @ http://localhost:3000/cases:0
[    4797ms] [WARNING] The resource http://localhost:3000/_next/static/css/app/layout.css?v=1787115212312 was preloaded using link preload but not used within a few seconds from the window's load event. Please make sure it has an appropriate `as` value and it is preloaded intentionally. @ http://localhost:3000/cases:0
[    4797ms] [WARNING] The resource http://localhost:3000/_next/static/css/app/layout.css?v=1787115238346 was preloaded using link preload but not used within a few seconds from the window's load event. Please make sure it has an appropriate `as` value and it is preloaded intentionally. @ http://localhost:3000/cases:0
[    4797ms] [WARNING] The resource http://localhost:3000/_next/static/css/app/layout.css?v=1787115203961 was preloaded using link preload but not used within a few seconds from the window's load event. Please make sure it has an appropriate `as` value and it is preloaded intentionally. @ http://localhost:3000/cases:0
[    4797ms] [WARNING] The resource http://localhost:3000/_next/static/css/app/layout.css?v=1787115211786 was preloaded using link preload but not used within a few seconds from the window's load event. Please make sure it has an appropriate `as` value and it is preloaded intentionally. @ http://localhost:3000/cases:0
[    4797ms] [WARNING] The resource http://localhost:3000/_next/static/css/app/layout.css?v=1787115226116 was preloaded using link preload but not used within a few seconds from the window's load event. Please make sure it has an appropriate `as` value and it is preloaded intentionally. @ http://localhost:3000/cases:0
[    4797ms] [WARNING] The resource http://localhost:3000/_next/static/css/app/layout.css?v=1787115237119 was preloaded using link preload but not used within a few seconds from the window's load event. Please make sure it has an appropriate `as` value and it is preloaded intentionally. @ http://localhost:3000/cases:0
[    4797ms] [WARNING] The resource http://localhost:3000/_next/static/css/app/layout.css?v=1787115199636 was preloaded using link preload but not used within a few seconds from the window's load event. Please make sure it has an appropriate `as` value and it is preloaded intentionally. @ http://localhost:3000/cases:0
[    4797ms] [WARNING] The resource http://localhost:3000/_next/static/css/app/layout.css?v=1787115222794 was preloaded using link preload but not used within a few seconds from the window's load event. Please make sure it has an appropriate `as` value and it is preloaded intentionally. @ http://localhost:3000/cases:0
[    4797ms] [WARNING] The resource http://localhost:3000/_next/static/css/app/layout.css?v=1787115233614 was preloaded using link preload but not used within a few seconds from the window's load event. Please make sure it has an appropriate `as` value and it is preloaded intentionally. @ http://localhost:3000/cases:0
[    4797ms] [WARNING] The resource http://localhost:3000/_next/static/css/app/layout.css?v=1787115208947 was preloaded using link preload but not used within a few seconds from the window's load event. Please make sure it has an appropriate `as` value and it is preloaded intentionally. @ http://localhost:3000/cases:0
[    4797ms] [WARNING] The resource http://localhost:3000/_next/static/css/app/layout.css?v=1787115224151 was preloaded using link preload but not used within a few seconds from the window's load event. Please make sure it has an appropriate `as` value and it is preloaded intentionally. @ http://localhost:3000/cases:0
[    4797ms] [WARNING] The resource http://localhost:3000/_next/static/css/app/layout.css?v=1787115218360 was preloaded using link preload but not used within a few seconds from the window's load event. Please make sure it has an appropriate `as` value and it is preloaded intentionally. @ http://localhost:3000/cases:0
[    4797ms] [WARNING] The resource http://localhost:3000/_next/static/css/app/layout.css?v=1787115216454 was preloaded using link preload but not used within a few seconds from the window's load event. Please make sure it has an appropriate `as` value and it is preloaded intentionally. @ http://localhost:3000/cases:0
[    4797ms] [WARNING] The resource http://localhost:3000/_next/static/css/app/layout.css?v=1787115206490 was preloaded using link preload but not used within a few seconds from the window's load event. Please make sure it has an appropriate `as` value and it is preloaded intentionally. @ http://localhost:3000/cases:0
[    4797ms] [WARNING] The resource http://localhost:3000/_next/static/css/app/layout.css?v=1787115221025 was preloaded using link preload but not used within a few seconds from the window's load event. Please make sure it has an appropriate `as` value and it is preloaded intentionally. @ http://localhost:3000/cases:0
[    4797ms] [WARNING] The resource http://localhost:3000/_next/static/css/app/layout.css?v=1787115241858 was preloaded using link preload but not used within a few seconds from the window's load event. Please make sure it has an appropriate `as` value and it is preloaded intentionally. @ http://localhost:3000/cases:0
[    4797ms] [WARNING] The resource http://localhost:3000/_next/static/css/app/layout.css?v=1787115207161 was preloaded using link preload but not used within a few seconds from the window's load event. Please make sure it has an appropriate `as` value and it is preloaded intentionally. @ http://localhost:3000/cases:0
[    4798ms] [WARNING] The resource http://localhost:3000/_next/static/css/app/layout.css?v=1787115234269 was preloaded using link preload but not used within a few seconds from the window's load event. Please make sure it has an appropriate `as` value and it is preloaded intentionally. @ http://localhost:3000/cases:0
[    4798ms] [WARNING] The resource http://localhost:3000/_next/static/css/app/layout.css?v=1787115205641 was preloaded using link preload but not used within a few seconds from the window's load event. Please make sure it has an appropriate `as` value and it is preloaded intentionally. @ http://localhost:3000/cases:0
[    4798ms] [WARNING] The resource http://localhost:3000/_next/static/css/app/layout.css?v=1787115232457 was preloaded using link preload but not used within a few seconds from the window's load event. Please make sure it has an appropriate `as` value and it is preloaded intentionally. @ http://localhost:3000/cases:0
[    4798ms] [WARNING] The resource http://localhost:3000/_next/static/css/app/layout.css?v=1787115224769 was preloaded using link preload but not used within a few seconds from the window's load event. Please make sure it has an appropriate `as` value and it is preloaded intentionally. @ http://localhost:3000/cases:0
[    4798ms] [WARNING] The resource http://localhost:3000/_next/static/css/app/layout.css?v=1787115215859 was preloaded using link preload but not used within a few seconds from the window's load event. Please make sure it has an appropriate `as` value and it is preloaded intentionally. @ http://localhost:3000/cases:0
[    4798ms] [WARNING] The resource http://localhost:3000/_next/static/css/app/layout.css?v=1787115197316 was preloaded using link preload but not used within a few seconds from the window's load event. Please make sure it has an appropriate `as` value and it is preloaded intentionally. @ http://localhost:3000/cases:0
[    4798ms] [WARNING] The resource http://localhost:3000/_next/static/css/app/layout.css?v=1787115223599 was preloaded using link preload but not used within a few seconds from the window's load event. Please make sure it has an appropriate `as` value and it is preloaded intentionally. @ http://localhost:3000/cases:0
[    4798ms] [WARNING] The resource http://localhost:3000/_next/static/css/app/layout.css?v=1787115228542 was preloaded using link preload but not used within a few seconds from the window's load event. Please make sure it has an appropriate `as` value and it is preloaded intentionally. @ http://localhost:3000/cases:0
[    4798ms] [WARNING] The resource http://localhost:3000/_next/static/css/app/layout.css?v=1787115201294 was preloaded using link preload but not used within a few seconds from the window's load event. Please make sure it has an appropriate `as` value and it is preloaded intentionally. @ http://localhost:3000/cases:0
[    4798ms] [WARNING] The resource http://localhost:3000/_next/static/css/app/layout.css?v=1787115214600 was preloaded using link preload but not used within a few seconds from the window's load event. Please make sure it has an appropriate `as` value and it is preloaded intentionally. @ http://localhost:3000/cases:0
[    4798ms] [WARNING] The resource http://localhost:3000/_next/static/css/app/layout.css?v=1787115204838 was preloaded using link preload but not used within a few seconds from the window's load event. Please make sure it has an appropriate `as` value and it is preloaded intentionally. @ http://localhost:3000/cases:0
[    4798ms] [WARNING] The resource http://localhost:3000/_next/static/css/app/layout.css?v=1787115213379 was preloaded using link preload but not used within a few seconds from the window's load event. Please make sure it has an appropriate `as` value and it is preloaded intentionally. @ http://localhost:3000/cases:0
[    4798ms] [WARNING] The resource http://localhost:3000/_next/static/css/app/layout.css?v=1787115244232 was preloaded using link preload but not used within a few seconds from the window's load event. Please make sure it has an appropriate `as` value and it is preloaded intentionally. @ http://localhost:3000/cases:0
[    4798ms] [WARNING] The resource http://localhost:3000/_next/static/css/app/layout.css?v=1787115211205 was preloaded using link preload but not used within a few seconds from the window's load event. Please make sure it has an appropriate `as` value and it is preloaded intentionally. @ http://localhost:3000/cases:0
[    4799ms] [WARNING] The resource http://localhost:3000/_next/static/css/app/layout.css?v=1787115235931 was preloaded using link preload but not used within a few seconds from the window's load event. Please make sure it has an appropriate `as` value and it is preloaded intentionally. @ http://localhost:3000/cases:0
[    4799ms] [WARNING] The resource http://localhost:3000/_next/static/css/app/layout.css?v=1787115218954 was preloaded using link preload but not used within a few seconds from the window's load event. Please make sure it has an appropriate `as` value and it is preloaded intentionally. @ http://localhost:3000/cases:0
[    4799ms] [WARNING] The resource http://localhost:3000/_next/static/css/app/layout.css?v=1787115226764 was preloaded using link preload but not used within a few seconds from the window's load event. Please make sure it has an appropriate `as` value and it is preloaded intentionally. @ http://localhost:3000/cases:0
[    4799ms] [WARNING] The resource http://localhost:3000/_next/static/css/app/layout.css?v=1787115237743 was preloaded using link preload but not used within a few seconds from the window's load event. Please make sure it has an appropriate `as` value and it is preloaded intentionally. @ http://localhost:3000/cases:0
[    4799ms] [WARNING] The resource http://localhost:3000/_next/static/css/app/layout.css?v=1787115210145 was preloaded using link preload but not used within a few seconds from the window's load event. Please make sure it has an appropriate `as` value and it is preloaded intentionally. @ http://localhost:3000/cases:0
[    4799ms] [WARNING] The resource http://localhost:3000/_next/static/css/app/layout.css?v=1787115209583 was preloaded using link preload but not used within a few seconds from the window's load event. Please make sure it has an appropriate `as` value and it is preloaded intentionally. @ http://localhost:3000/cases:0
[    4799ms] [WARNING] The resource http://localhost:3000/_next/static/css/app/layout.css?v=1787115234881 was preloaded using link preload but not used within a few seconds from the window's load event. Please make sure it has an appropriate `as` value and it is preloaded intentionally. @ http://localhost:3000/cases:0
[    4799ms] [WARNING] The resource http://localhost:3000/_next/static/css/app/layout.css?v=1787115233056 was preloaded using link preload but not used within a few seconds from the window's load event. Please make sure it has an appropriate `as` value and it is preloaded intentionally. @ http://localhost:3000/cases:0
[    4799ms] [WARNING] The resource http://localhost:3000/_next/static/css/app/layout.css?v=1787115222106 was preloaded using link preload but not used within a few seconds from the window's load event. Please make sure it has an appropriate `as` value and it is preloaded intentionally. @ http://localhost:3000/cases:0
[    4799ms] [WARNING] The resource http://localhost:3000/_next/static/css/app/layout.css?v=1787115197632 was preloaded using link preload but not used within a few seconds from the window's load event. Please make sure it has an appropriate `as` value and it is preloaded intentionally. @ http://localhost:3000/cases:0
[    4799ms] [WARNING] The resource http://localhost:3000/_next/static/css/app/layout.css?v=1787115231183 was preloaded using link preload but not used within a few seconds from the window's load event. Please make sure it has an appropriate `as` value and it is preloaded intentionally. @ http://localhost:3000/cases:0
[    4799ms] [WARNING] The resource http://localhost:3000/_next/static/css/app/layout.css?v=1787115212859 was preloaded using link preload but not used within a few seconds from the window's load event. Please make sure it has an appropriate `as` value and it is preloaded intentionally. @ http://localhost:3000/cases:0
[    7768ms] [LOG] [Fast Refresh] rebuilding @ webpack-internal:///(app-pages-browser)/./node_modules/next/dist/next-devtools/shared/forward-logs-shared.js:44
[    7815ms] [LOG] [Fast Refresh] rebuilding @ webpack-internal:///(app-pages-browser)/./node_modules/next/dist/next-devtools/shared/forward-logs-shared.js:44
[   11096ms] [LOG] [Fast Refresh] done in 3282ms @ webpack-internal:///(app-pages-browser)/./node_modules/next/dist/next-devtools/shared/forward-logs-shared.js:44
[   11573ms] [ERROR] Failed to load resource: the server responded with a status of 500 (Internal Server Error) @ http://localhost:3000/cases:0
[   13894ms] [INFO] %cDownload the React DevTools for a better development experience: https://react.dev/link/react-devtools font-weight:bold @ webpack-internal:///(pages-dir-browser)/./node_modules/react-dom/cjs/react-dom-client.development.js:28004
[   14159ms] SyntaxError: Unexpected end of JSON input
    at JSON.parse (<anonymous>)
    at loadManifest (file://D:\Projects\NHQ_Support _portal\support_system_frontend\node_modules\next\dist\server\load-manifest.external.js:54:25)
    at loadManifestFromRelativePath (file://D:\Projects\NHQ_Support _portal\support_system_frontend\node_modules\next\dist\server\load-manifest.external.js:111:12)
    at AppPageRouteModule.loadManifests (file://D:\Projects\NHQ_Support _portal\support_system_frontend\node_modules\next\dist\compiled\next-server\app-page.runtime.dev.js:216:44364)
    at AppPageRouteModule.prepare (file://D:\Projects\NHQ_Support _portal\support_system_frontend\node_modules\next\dist\compiled\next-server\app-page.runtime.dev.js:216:52652)
    at process.processTicksAndRejections (node:internal/process/task_queues:103:5)
    at async Module.handler (webpack-internal:///(rsc)/./node_modules/next/dist/build/templates/app-page-runtime.js:165:31)
    at async DevServer.renderToResponseWithComponentsImpl (file://D:\Projects\NHQ_Support _portal\support_system_frontend\node_modules\next\dist\server\base-server.js:1537:9)
    at async DevServer.renderPageComponent (file://D:\Projects\NHQ_Support _portal\support_system_frontend\node_modules\next\dist\server\base-server.js:1589:24)
    at async DevServer.renderToResponseImpl (file://D:\Projects\NHQ_Support _portal\support_system_frontend\node_modules\next\dist\server\base-server.js:1639:32)
    at async DevServer.pipeImpl (file://D:\Projects\NHQ_Support _portal\support_system_frontend\node_modules\next\dist\server\base-server.js:1088:25)
    at async NextNodeServer.handleCatchallRenderRequest (file://D:\Projects\NHQ_Support _portal\support_system_frontend\node_modules\next\dist\server\next-server.js:338:17)
    at async DevServer.handleRequestImpl (file://D:\Projects\NHQ_Support _portal\support_system_frontend\node_modules\next\dist\server\base-server.js:979:17)
    at async (file://D:\Projects\NHQ_Support _portal\support_system_frontend\node_modules\next\dist\server\dev\next-dev-server.js:426:20)
    at async Span.traceAsyncFn (file://D:\Projects\NHQ_Support _portal\support_system_frontend\node_modules\next\dist\trace\trace.js:164:20)
    at async DevServer.handleRequest (file://D:\Projects\NHQ_Support _portal\support_system_frontend\node_modules\next\dist\server\dev\next-dev-server.js:422:24)
    at async invokeRender (file://D:\Projects\NHQ_Support _portal\support_system_frontend\node_modules\next\dist\server\lib\router-server.js:306:21)
    at async handleRequest (file://D:\Projects\NHQ_Support _portal\support_system_frontend\node_modules\next\dist\server\lib\router-server.js:508:24)
    at async requestHandlerImpl (file://D:\Projects\NHQ_Support _portal\support_system_frontend\node_modules\next\dist\server\lib\router-server.js:565:13)
    at async Server.requestListener (file://D:\Projects\NHQ_Support _portal\support_system_frontend\node_modules\next\dist\server\lib\start-server.js:225:13)
[   14601ms] [LOG] [HMR] connected @ webpack-internal:///(pages-dir-browser)/./node_modules/next/dist/next-devtools/shared/forward-logs-shared.js:44
[   15835ms] [LOG] [Fast Refresh] rebuilding @ webpack-internal:///(pages-dir-browser)/./node_modules/next/dist/next-devtools/shared/forward-logs-shared.js:44
[   16907ms] Invalid or unexpected token
[   20164ms] [INFO] %cDownload the React DevTools for a better development experience: https://react.dev/link/react-devtools font-weight:bold @ webpack-internal:///(app-pages-browser)/./node_modules/next/dist/next-devtools/shared/forward-logs-shared.js:44
[   20562ms] [LOG] [HMR] connected @ webpack-internal:///(app-pages-browser)/./node_modules/next/dist/next-devtools/shared/forward-logs-shared.js:44
[   21868ms] [ERROR] Can't perform a React state update on a component that hasn't mounted yet. This indicates that you have a side-effect in your render function that asynchronously tries to update the component. Move this work to useEffect instead. @ webpack-internal:///(app-pages-browser)/./node_modules/next/dist/next-devtools/userspace/app/errors/intercept-console-error.js:57
[   21959ms] [LOG] [Fast Refresh] rebuilding @ webpack-internal:///(app-pages-browser)/./node_modules/next/dist/next-devtools/shared/forward-logs-shared.js:44
[   22663ms] [LOG] [Fast Refresh] done in 704ms @ webpack-internal:///(app-pages-browser)/./node_modules/next/dist/next-devtools/shared/forward-logs-shared.js:44
[   22667ms] [LOG] [Fast Refresh] rebuilding @ webpack-internal:///(app-pages-browser)/./node_modules/next/dist/next-devtools/shared/forward-logs-shared.js:44
[   23794ms] [LOG] [Fast Refresh] done in 1126ms @ webpack-internal:///(app-pages-browser)/./node_modules/next/dist/next-devtools/shared/forward-logs-shared.js:44
[   23797ms] [LOG] [Fast Refresh] rebuilding @ webpack-internal:///(app-pages-browser)/./node_modules/next/dist/next-devtools/shared/forward-logs-shared.js:44
[   24464ms] [LOG] [Fast Refresh] done in 668ms @ webpack-internal:///(app-pages-browser)/./node_modules/next/dist/next-devtools/shared/forward-logs-shared.js:44
[   24470ms] [LOG] [Fast Refresh] rebuilding @ webpack-internal:///(app-pages-browser)/./node_modules/next/dist/next-devtools/shared/forward-logs-shared.js:44
[   25300ms] [LOG] [Fast Refresh] done in 830ms @ webpack-internal:///(app-pages-browser)/./node_modules/next/dist/next-devtools/shared/forward-logs-shared.js:44
[   25303ms] [LOG] [Fast Refresh] rebuilding @ webpack-internal:///(app-pages-browser)/./node_modules/next/dist/next-devtools/shared/forward-logs-shared.js:44
[   25964ms] [LOG] [Fast Refresh] done in 660ms @ webpack-internal:///(app-pages-browser)/./node_modules/next/dist/next-devtools/shared/forward-logs-shared.js:44
[   26131ms] [LOG] [Fast Refresh] rebuilding @ webpack-internal:///(app-pages-browser)/./node_modules/next/dist/next-devtools/shared/forward-logs-shared.js:44
[   26323ms] [LOG] [Fast Refresh] done in 193ms @ webpack-internal:///(app-pages-browser)/./node_modules/next/dist/next-devtools/shared/forward-logs-shared.js:44
[   26698ms] [LOG] [Fast Refresh] rebuilding @ webpack-internal:///(app-pages-browser)/./node_modules/next/dist/next-devtools/shared/forward-logs-shared.js:44
[   26900ms] [LOG] [Fast Refresh] done in 202ms @ webpack-internal:///(app-pages-browser)/./node_modules/next/dist/next-devtools/shared/forward-logs-shared.js:44
[   27298ms] [LOG] [Fast Refresh] rebuilding @ webpack-internal:///(app-pages-browser)/./node_modules/next/dist/next-devtools/shared/forward-logs-shared.js:44
[   27767ms] [LOG] [Fast Refresh] done in 468ms @ webpack-internal:///(app-pages-browser)/./node_modules/next/dist/next-devtools/shared/forward-logs-shared.js:44
[   27979ms] [LOG] [Fast Refresh] rebuilding @ webpack-internal:///(app-pages-browser)/./node_modules/next/dist/next-devtools/shared/forward-logs-shared.js:44
[   28469ms] [LOG] [Fast Refresh] done in 490ms @ webpack-internal:///(app-pages-browser)/./node_modules/next/dist/next-devtools/shared/forward-logs-shared.js:44
[   28636ms] [LOG] [Fast Refresh] rebuilding @ webpack-internal:///(app-pages-browser)/./node_modules/next/dist/next-devtools/shared/forward-logs-shared.js:44
[   34365ms] [INFO] %cDownload the React DevTools for a better development experience: https://react.dev/link/react-devtools font-weight:bold @ webpack-internal:///(app-pages-browser)/./node_modules/next/dist/next-devtools/shared/forward-logs-shared.js:44
[   34752ms] [LOG] [HMR] connected @ webpack-internal:///(app-pages-browser)/./node_modules/next/dist/next-devtools/shared/forward-logs-shared.js:44
[   38096ms] [LOG] [Fast Refresh] rebuilding @ webpack-internal:///(app-pages-browser)/./node_modules/next/dist/next-devtools/shared/forward-logs-shared.js:44
[   38111ms] [LOG] [Fast Refresh] done in 14ms @ webpack-internal:///(app-pages-browser)/./node_modules/next/dist/next-devtools/shared/forward-logs-shared.js:44
[   42196ms] [INFO] %cDownload the React DevTools for a better development experience: https://react.dev/link/react-devtools font-weight:bold @ webpack-internal:///(app-pages-browser)/./node_modules/next/dist/next-devtools/shared/forward-logs-shared.js:44
[   42857ms] [LOG] [HMR] connected @ webpack-internal:///(app-pages-browser)/./node_modules/next/dist/next-devtools/shared/forward-logs-shared.js:44
[   43374ms] Error: Internal Next.js error: Router action dispatched before initialization.
    at dispatchAppRouterAction (webpack-internal:///(app-pages-browser)/./node_modules/next/dist/client/components/use-action-queue.js:50:37)
    at eval (webpack-internal:///(app-pages-browser)/./node_modules/next/dist/client/components/app-router-instance.js:328:61)
    at startTransition (webpack-internal:///(app-pages-browser)/./node_modules/next/dist/compiled/react/cjs/react.development.js:556:27)
    at Object.hmrRefresh (webpack-internal:///(app-pages-browser)/./node_modules/next/dist/client/components/app-router-instance.js:327:40)
    at eval (webpack-internal:///(app-pages-browser)/./node_modules/next/dist/client/dev/hot-reloader/app/hot-reloader-app.js:301:64)
    at startTransition (webpack-internal:///(app-pages-browser)/./node_modules/next/dist/compiled/react/cjs/react.development.js:556:27)
    at processMessage (webpack-internal:///(app-pages-browser)/./node_modules/next/dist/client/dev/hot-reloader/app/hot-reloader-app.js:300:44)
    at WebSocket.handleMessage (webpack-internal:///(app-pages-browser)/./node_modules/next/dist/client/dev/hot-reloader/app/web-socket.js:91:52)
[   43377ms] [LOG] [Fast Refresh] rebuilding @ webpack-internal:///(app-pages-browser)/./node_modules/next/dist/next-devtools/shared/forward-logs-shared.js:44
[   45328ms] [LOG] [Fast Refresh] done in 1948ms @ webpack-internal:///(app-pages-browser)/./node_modules/next/dist/next-devtools/shared/forward-logs-shared.js:44
[   45330ms] [LOG] [Fast Refresh] rebuilding @ webpack-internal:///(app-pages-browser)/./node_modules/next/dist/next-devtools/shared/forward-logs-shared.js:44
[   46071ms] [LOG] [Fast Refresh] done in 742ms @ webpack-internal:///(app-pages-browser)/./node_modules/next/dist/next-devtools/shared/forward-logs-shared.js:44
[   46150ms] [LOG] [Fast Refresh] rebuilding @ webpack-internal:///(app-pages-browser)/./node_modules/next/dist/next-devtools/shared/forward-logs-shared.js:44
[   46651ms] [LOG] [Fast Refresh] done in 501ms @ webpack-internal:///(app-pages-browser)/./node_modules/next/dist/next-devtools/shared/forward-logs-shared.js:44
[   46676ms] [LOG] [Fast Refresh] rebuilding @ webpack-internal:///(app-pages-browser)/./node_modules/next/dist/next-devtools/shared/forward-logs-shared.js:44
[   47508ms] [LOG] [Fast Refresh] done in 833ms @ webpack-internal:///(app-pages-browser)/./node_modules/next/dist/next-devtools/shared/forward-logs-shared.js:44
[   47510ms] [LOG] [Fast Refresh] rebuilding @ webpack-internal:///(app-pages-browser)/./node_modules/next/dist/next-devtools/shared/forward-logs-shared.js:44
[   47923ms] [LOG] [Fast Refresh] done in 412ms @ webpack-internal:///(app-pages-browser)/./node_modules/next/dist/next-devtools/shared/forward-logs-shared.js:44
[   48062ms] [LOG] [Fast Refresh] rebuilding @ webpack-internal:///(app-pages-browser)/./node_modules/next/dist/next-devtools/shared/forward-logs-shared.js:44
[   48227ms] [LOG] [Fast Refresh] done in 164ms @ webpack-internal:///(app-pages-browser)/./node_modules/next/dist/next-devtools/shared/forward-logs-shared.js:44
[   48614ms] [LOG] [Fast Refresh] rebuilding @ webpack-internal:///(app-pages-browser)/./node_modules/next/dist/next-devtools/shared/forward-logs-shared.js:44
[   49042ms] [LOG] [Fast Refresh] done in 428ms @ webpack-internal:///(app-pages-browser)/./node_modules/next/dist/next-devtools/shared/forward-logs-shared.js:44
[   49221ms] [LOG] [Fast Refresh] rebuilding @ webpack-internal:///(app-pages-browser)/./node_modules/next/dist/next-devtools/shared/forward-logs-shared.js:44
[   49424ms] [LOG] [Fast Refresh] done in 203ms @ webpack-internal:///(app-pages-browser)/./node_modules/next/dist/next-devtools/shared/forward-logs-shared.js:44
[   49854ms] [LOG] [Fast Refresh] rebuilding @ webpack-internal:///(app-pages-browser)/./node_modules/next/dist/next-devtools/shared/forward-logs-shared.js:44
[   50380ms] [LOG] [Fast Refresh] done in 527ms @ webpack-internal:///(app-pages-browser)/./node_modules/next/dist/next-devtools/shared/forward-logs-shared.js:44
