[    -204ms] [WARNING] The resource http://localhost:3000/_next/static/css/app/layout.css?v=1786526689104 was preloaded using link preload but not used within a few seconds from the window's load event. Please make sure it has an appropriate `as` value and it is preloaded intentionally. @ http://localhost:3000/sales-executive/u4:0
[    -204ms] [WARNING] The resource http://localhost:3000/_next/static/css/app/layout.css?v=1786526718763 was preloaded using link preload but not used within a few seconds from the window's load event. Please make sure it has an appropriate `as` value and it is preloaded intentionally. @ http://localhost:3000/sales-executive/u4:0
[    -204ms] [WARNING] The resource http://localhost:3000/_next/static/css/app/layout.css?v=1786526840589 was preloaded using link preload but not used within a few seconds from the window's load event. Please make sure it has an appropriate `as` value and it is preloaded intentionally. @ http://localhost:3000/sales-executive/u4:0
[    -204ms] [WARNING] The resource http://localhost:3000/_next/static/css/app/layout.css?v=1786526741017 was preloaded using link preload but not used within a few seconds from the window's load event. Please make sure it has an appropriate `as` value and it is preloaded intentionally. @ http://localhost:3000/sales-executive/u4:0
[    -203ms] [WARNING] The resource http://localhost:3000/_next/static/css/app/layout.css?v=1786526737717 was preloaded using link preload but not used within a few seconds from the window's load event. Please make sure it has an appropriate `as` value and it is preloaded intentionally. @ http://localhost:3000/sales-executive/u4:0
[    -182ms] [WARNING] The resource http://localhost:3000/_next/static/css/app/layout.css?v=1786526711655 was preloaded using link preload but not used within a few seconds from the window's load event. Please make sure it has an appropriate `as` value and it is preloaded intentionally. @ http://localhost:3000/sales-executive/u4:0
[    -181ms] [WARNING] The resource http://localhost:3000/_next/static/css/app/layout.css?v=1786526720002 was preloaded using link preload but not used within a few seconds from the window's load event. Please make sure it has an appropriate `as` value and it is preloaded intentionally. @ http://localhost:3000/sales-executive/u4:0
[    -181ms] [WARNING] The resource http://localhost:3000/_next/static/css/app/layout.css?v=1786526735364 was preloaded using link preload but not used within a few seconds from the window's load event. Please make sure it has an appropriate `as` value and it is preloaded intentionally. @ http://localhost:3000/sales-executive/u4:0
[    -181ms] [WARNING] The resource http://localhost:3000/_next/static/css/app/layout.css?v=1786526735829 was preloaded using link preload but not used within a few seconds from the window's load event. Please make sure it has an appropriate `as` value and it is preloaded intentionally. @ http://localhost:3000/sales-executive/u4:0
[    -181ms] [WARNING] The resource http://localhost:3000/_next/static/css/app/layout.css?v=1786526851727 was preloaded using link preload but not used within a few seconds from the window's load event. Please make sure it has an appropriate `as` value and it is preloaded intentionally. @ http://localhost:3000/sales-executive/u4:0
[    4440ms] [LOG] [Fast Refresh] done in 7742ms @ webpack-internal:///(app-pages-browser)/./node_modules/next/dist/next-devtools/shared/forward-logs-shared.js:44
[   16133ms] Invalid or unexpected token
[   94254ms] [INFO] %cDownload the React DevTools for a better development experience: https://react.dev/link/react-devtools font-weight:bold @ webpack-internal:///(app-pages-browser)/./node_modules/next/dist/next-devtools/shared/forward-logs-shared.js:44
[  100767ms] [LOG] [HMR] connected @ webpack-internal:///(app-pages-browser)/./node_modules/next/dist/next-devtools/shared/forward-logs-shared.js:44
[  108454ms] [ERROR] Can't perform a React state update on a component that hasn't mounted yet. This indicates that you have a side-effect in your render function that asynchronously tries to update the component. Move this work to useEffect instead. @ webpack-internal:///(app-pages-browser)/./node_modules/next/dist/next-devtools/userspace/app/errors/intercept-console-error.js:57
[  108756ms] [LOG] [Fast Refresh] rebuilding @ webpack-internal:///(app-pages-browser)/./node_modules/next/dist/next-devtools/shared/forward-logs-shared.js:44
[  111432ms] [LOG] [Fast Refresh] done in 2675ms @ webpack-internal:///(app-pages-browser)/./node_modules/next/dist/next-devtools/shared/forward-logs-shared.js:44
[  111438ms] [LOG] [Fast Refresh] rebuilding @ webpack-internal:///(app-pages-browser)/./node_modules/next/dist/next-devtools/shared/forward-logs-shared.js:44
[  113828ms] [LOG] [Fast Refresh] done in 2390ms @ webpack-internal:///(app-pages-browser)/./node_modules/next/dist/next-devtools/shared/forward-logs-shared.js:44
[  113840ms] [LOG] [Fast Refresh] rebuilding @ webpack-internal:///(app-pages-browser)/./node_modules/next/dist/next-devtools/shared/forward-logs-shared.js:44
[  115542ms] [LOG] [Fast Refresh] done in 1701ms @ webpack-internal:///(app-pages-browser)/./node_modules/next/dist/next-devtools/shared/forward-logs-shared.js:44
[  115551ms] [LOG] [Fast Refresh] rebuilding @ webpack-internal:///(app-pages-browser)/./node_modules/next/dist/next-devtools/shared/forward-logs-shared.js:44
[  116440ms] [LOG] [Fast Refresh] done in 889ms @ webpack-internal:///(app-pages-browser)/./node_modules/next/dist/next-devtools/shared/forward-logs-shared.js:44
[  117601ms] [LOG] [Fast Refresh] rebuilding @ webpack-internal:///(app-pages-browser)/./node_modules/next/dist/next-devtools/shared/forward-logs-shared.js:44
[  122052ms] [LOG] [Fast Refresh] done in 4451ms @ webpack-internal:///(app-pages-browser)/./node_modules/next/dist/next-devtools/shared/forward-logs-shared.js:44
[  122072ms] [LOG] [Fast Refresh] rebuilding @ webpack-internal:///(app-pages-browser)/./node_modules/next/dist/next-devtools/shared/forward-logs-shared.js:44
[  122080ms] [WARNING] The resource http://localhost:3000/_next/static/css/app/layout.css?v=1786526966027 was preloaded using link preload but not used within a few seconds from the window's load event. Please make sure it has an appropriate `as` value and it is preloaded intentionally. @ http://localhost:3000/sales-executive/u4/profile:0
[  122088ms] [WARNING] The resource http://localhost:3000/_next/static/css/app/layout.css?v=1786526964463 was preloaded using link preload but not used within a few seconds from the window's load event. Please make sure it has an appropriate `as` value and it is preloaded intentionally. @ http://localhost:3000/sales-executive/u4/profile:0
[  122088ms] [WARNING] The resource http://localhost:3000/_next/static/css/app/layout.css?v=1786526972779 was preloaded using link preload but not used within a few seconds from the window's load event. Please make sure it has an appropriate `as` value and it is preloaded intentionally. @ http://localhost:3000/sales-executive/u4/profile:0
[  122121ms] [WARNING] The resource http://localhost:3000/_next/static/css/app/layout.css?v=1786526968509 was preloaded using link preload but not used within a few seconds from the window's load event. Please make sure it has an appropriate `as` value and it is preloaded intentionally. @ http://localhost:3000/sales-executive/u4/profile:0
[  122122ms] [WARNING] The resource http://localhost:3000/_next/static/css/app/layout.css?v=1786526970156 was preloaded using link preload but not used within a few seconds from the window's load event. Please make sure it has an appropriate `as` value and it is preloaded intentionally. @ http://localhost:3000/sales-executive/u4/profile:0
[  124351ms] [LOG] [Fast Refresh] done in 2278ms @ webpack-internal:///(app-pages-browser)/./node_modules/next/dist/next-devtools/shared/forward-logs-shared.js:44
[  124454ms] [LOG] [Fast Refresh] rebuilding @ webpack-internal:///(app-pages-browser)/./node_modules/next/dist/next-devtools/shared/forward-logs-shared.js:44
[  125439ms] [LOG] [Fast Refresh] done in 986ms @ webpack-internal:///(app-pages-browser)/./node_modules/next/dist/next-devtools/shared/forward-logs-shared.js:44
[  128486ms] [WARNING] The resource http://localhost:3000/_next/static/css/app/layout.css?v=1786526966027 was preloaded using link preload but not used within a few seconds from the window's load event. Please make sure it has an appropriate `as` value and it is preloaded intentionally. @ http://localhost:3000/sales-executive/u4/profile:0
[  128486ms] [WARNING] The resource http://localhost:3000/_next/static/css/app/layout.css?v=1786526964463 was preloaded using link preload but not used within a few seconds from the window's load event. Please make sure it has an appropriate `as` value and it is preloaded intentionally. @ http://localhost:3000/sales-executive/u4/profile:0
[  128488ms] [WARNING] The resource http://localhost:3000/_next/static/css/app/layout.css?v=1786526972779 was preloaded using link preload but not used within a few seconds from the window's load event. Please make sure it has an appropriate `as` value and it is preloaded intentionally. @ http://localhost:3000/sales-executive/u4/profile:0
[  128488ms] [WARNING] The resource http://localhost:3000/_next/static/css/app/layout.css?v=1786526968509 was preloaded using link preload but not used within a few seconds from the window's load event. Please make sure it has an appropriate `as` value and it is preloaded intentionally. @ http://localhost:3000/sales-executive/u4/profile:0
[  128494ms] [WARNING] The resource http://localhost:3000/_next/static/css/app/layout.css?v=1786526970156 was preloaded using link preload but not used within a few seconds from the window's load event. Please make sure it has an appropriate `as` value and it is preloaded intentionally. @ http://localhost:3000/sales-executive/u4/profile:0
[  131739ms] [LOG] [Fast Refresh] rebuilding @ webpack-internal:///(app-pages-browser)/./node_modules/next/dist/next-devtools/shared/forward-logs-shared.js:44
[  131780ms] [LOG] [Fast Refresh] rebuilding @ webpack-internal:///(app-pages-browser)/./node_modules/next/dist/next-devtools/shared/forward-logs-shared.js:44
